../Core/Src/main.c:113:10:Joystick_ReadADC	40	static
../Core/Src/main.c:137:5:Joystick_Normalize	24	static
../Core/Src/main.c:147:6:Joystick_Read	24	static
../Core/Src/main.c:159:6:Joystick_Print	288	static
../Core/Src/main.c:205:6:print_msg	16	static
../Core/Src/main.c:212:5:angle_to_count	16	static
../Core/Src/main.c:214:5:count_to_angle	16	static
../Core/Src/main.c:217:6:move_motor_to_angle	40	static
../Core/Src/main.c:252:5:main	80	static
../Core/Src/main.c:398:6:SystemClock_Config	88	static
../Core/Src/main.c:476:13:MX_I2C2_Init	8	static
../Core/Src/main.c:526:13:MX_USART3_UART_Init	8	static
../Core/Src/main.c:564:13:MX_ADC1_Init	24	static
../Core/Src/main.c:603:13:MX_USB_OTG_FS_PCD_Init	8	static
../Core/Src/main.c:655:13:MX_GPIO_Init	64	static
../Core/Src/main.c:758:6:Error_Handler	4	static,ignoring_inline_asm
